// Jest Snapshot v1, https://goo.gl/fbAQLP

exports[`App renders 1`] = `
<div>
  <div
    class="container"
  >
    <div>
      <h1>
        welcome. let's do some chatting.
      </h1>
      <span
        class="link-container"
      >
        <a
          href="/login"
        >
          login
        </a>
        <a
          href="/register"
        >
          register
        </a>
      </span>
    </div>
  </div>
</div>
`;
